Microchip MPLAB XC8 Compiler V1.45 ()

Linker command line:

-W-3 --edf=C:\Program Files (x86)\Microchip\xc8\v1.45\dat\en_msgs.txt -cs \
  -h+dist/default/production\pwm_asl.X.production.sym \
  --cmf=dist/default/production\pwm_asl.X.production.cmf -z -Q18F4620 \
  -oC:\Users\USER\AppData\Local\Temp\s73o.2 \
  -Mdist/default/production/pwm_asl.X.production.map -E1 -ver=XC8 \
  --acfsm=1493 -ASTACK=0143h-0f7fh -pstack=STACK -ACODE=00h-0FFFFh \
  -ACONST=00h-0FFFFh -ASMALLCONST=01000h-010FFhx240 \
  -AMEDIUMCONST=01000h-0FFFFh -ACOMRAM=01h-07Fh -AABS1=00h-0F7Fh \
  -ABIGRAM=01h-0F7Fh -ARAM=080h-0FFh,0100h-01FFhx14,0F00h-0F7Fh \
  -ABANK0=080h-0FFh -ABANK1=0100h-01FFh -ABANK2=0200h-02FFh \
  -ABANK3=0300h-03FFh -ABANK4=0400h-04FFh -ABANK5=0500h-05FFh \
  -ABANK6=0600h-06FFh -ABANK7=0700h-07FFh -ABANK8=0800h-08FFh \
  -ABANK9=0900h-09FFh -ABANK10=0A00h-0AFFh -ABANK11=0B00h-0BFFh \
  -ABANK12=0C00h-0CFFh -ABANK13=0D00h-0DFFh -ABANK14=0E00h-0EFFh \
  -ABANK15=0F00h-0F7Fh -ASFR=0F80h-0FFFh \
  -preset_vec=00h,intcode=08h,intcodelo,powerup,init -pramtop=01000h \
  -psmallconst=SMALLCONST -pmediumconst=MEDIUMCONST -pconst=CONST \
  -AFARRAM=00h-00h -ACONFIG=0300000h-030000Dh -pconfig=CONFIG \
  -AIDLOC=0200000h-0200007h -pidloc=IDLOC -AEEDATA=0F00000h-0F003FFh \
  -peeprom_data=EEDATA \
  -prdata=COMRAM,nvrram=COMRAM,nvbit=COMRAM,rbss=COMRAM,rbit=COMRAM \
  -pfarbss=FARRAM,fardata=FARRAM,nvFARRAM=FARRAM \
  -pintsave_regs=BIGRAM,bigbss=BIGRAM,bigdata=BIGRAM -pbss=RAM \
  -pidata=CODE,irdata=CODE,ibigdata=CODE,ifardata=CODE -prparam=COMRAM \
  C:\Users\USER\AppData\Local\Temp\s73o.obj \
  dist/default/production\pwm_asl.X.production.obj 

Object code version is 3.11

Machine type is 18F4620

Call graph: (short form)




                Name                               Link     Load   Length Selector   Space Scale
C:\Users\USER\AppData\Local\Temp\s73o.obj
                init                                  E        E        4        4       0
                reset_vec                             0        0        4        0       0
                idloc                            200000   200000        8   200000       0
                config                           300000   300000        E   300000       0
dist/default/production\pwm_asl.X.production.obj
                intcode                               8        8        6        4       0
                temp                                 65       65        1        1       1
                mediumconst                        FEFA     FEFA      106     7F7D       0
                text41                             295C     295C       70        4       0
                intcode_body                       24C8     24C8      100        4       0
                text39                             2EA2     2EA2        A        4       0
                text38                             2B40     2B40       52        4       0
                text37                             2B92     2B92       4A        4       0
                text36                             2E8C     2E8C        C        4       0
                text35                             2E7C     2E7C       10        4       0
                text34                             2DD8     2DD8       26        4       0
                text33                             2D84     2D84       2E        4       0
                text32                             2E22     2E22       22        4       0
                text31                             2C24     2C24       48        4       0
                text30                             2A32     2A32       62        4       0
                text29                             2C6C     2C6C       42        4       0
                text28                             2AEA     2AEA       56        4       0
                text27                             2A94     2A94       56        4       0
                text26                             1ABE     1ABE      2B4        4       0
                text25                             2DB2     2DB2       26        4       0
                text24                             1FFC     1FFC      150        4       0
                text23                             2CEE     2CEE       3A        4       0
                text22                             2760     2760       86        4       0
                text21                             2E98     2E98        A        4       0
                text20                             177A     177A      344        4       0
                text19                             142A     142A      350        4       0
                text18                             25C8     25C8       DE        4       0
                text17                             2D56     2D56       2E        4       0
                text16                             26A6     26A6       BA        4       0
                text15                             2E62     2E62       1A        4       0
                text14                             2DFE     2DFE       24        4       0
                text13                             23A6     23A6      122        4       0
                text12                             2D28     2D28       2E        4       0
                text11                             2BDC     2BDC       48        4       0
                text10                             286A     286A       82        4       0
                text9                              29CC     29CC       66        4       0
                text8                              227E     227E      128        4       0
                text7                              214C     214C      132        4       0
                text6                              27E6     27E6       84        4       0
                text5                              28EC     28EC       70        4       0
                text4                              1D72     1D72      28A        4       0
                text3                              2E44     2E44       1E        4       0
                text2                               FF2      FF2      438        4       0
                text1                                12       12      AA6        4       0
                text0                               AB8      AB8      53A        4       0
                cstackCOMRAM                          1        1       5A        1       1
                cstackBANK0                          80       80       43       80       1
                cstackBANK1                         100      100       43      100       1
                bssBANK0                             C3       C3        2       80       1
                dataCOMRAM                           61       61        4        1       1
                bssCOMRAM                            5B       5B        6        1       1
                cinit                              2CAE     2CAE       40        4       0
                idataCOMRAM                        2EAC     2EAC        4        4       0

TOTAL           Name                               Link     Load   Length     Space
        CLASS   STACK          

        CLASS   CODE           
                intcode                               8        8        6         0
                init                                  E        E        4         0
                reset_vec                             0        0        4         0
                text41                             295C     295C       70         0
                intcode_body                       24C8     24C8      100         0
                text39                             2EA2     2EA2        A         0
                text38                             2B40     2B40       52         0
                text37                             2B92     2B92       4A         0
                text36                             2E8C     2E8C        C         0
                text35                             2E7C     2E7C       10         0
                text34                             2DD8     2DD8       26         0
                text33                             2D84     2D84       2E         0
                text32                             2E22     2E22       22         0
                text31                             2C24     2C24       48         0
                text30                             2A32     2A32       62         0
                text29                             2C6C     2C6C       42         0
                text28                             2AEA     2AEA       56         0
                text27                             2A94     2A94       56         0
                text26                             1ABE     1ABE      2B4         0
                text25                             2DB2     2DB2       26         0
                text24                             1FFC     1FFC      150         0
                text23                             2CEE     2CEE       3A         0
                text22                             2760     2760       86         0
                text21                             2E98     2E98        A         0
                text20                             177A     177A      344         0
                text19                             142A     142A      350         0
                text18                             25C8     25C8       DE         0
                text17                             2D56     2D56       2E         0
                text16                             26A6     26A6       BA         0
                text15                             2E62     2E62       1A         0
                text14                             2DFE     2DFE       24         0
                text13                             23A6     23A6      122         0
                text12                             2D28     2D28       2E         0
                text11                             2BDC     2BDC       48         0
                text10                             286A     286A       82         0
                text9                              29CC     29CC       66         0
                text8                              227E     227E      128         0
                text7                              214C     214C      132         0
                text6                              27E6     27E6       84         0
                text5                              28EC     28EC       70         0
                text4                              1D72     1D72      28A         0
                text3                              2E44     2E44       1E         0
                text2                               FF2      FF2      438         0
                text1                                12       12      AA6         0
                text0                               AB8      AB8      53A         0
                cinit                              2CAE     2CAE       40         0
                idataCOMRAM                        2EAC     2EAC        4         0

        CLASS   CONST          

        CLASS   SMALLCONST     

        CLASS   MEDIUMCONST    
                mediumconst                        FEFA     FEFA      106         0

        CLASS   COMRAM         
                temp                                 65       65        1         1
                cstackCOMRAM                          1        1       5A         1
                dataCOMRAM                           61       61        4         1
                bssCOMRAM                            5B       5B        6         1

        CLASS   ABS1           

        CLASS   BIGRAM         

        CLASS   RAM            

        CLASS   BANK0          
                cstackBANK0                          80       80       43         1
                bssBANK0                             C3       C3        2         1

        CLASS   BANK1          
                cstackBANK1                         100      100       43         1

        CLASS   BANK2          

        CLASS   BANK3          

        CLASS   BANK4          

        CLASS   BANK5          

        CLASS   BANK6          

        CLASS   BANK7          

        CLASS   BANK8          

        CLASS   BANK9          

        CLASS   BANK10         

        CLASS   BANK11         

        CLASS   BANK12         

        CLASS   BANK13         

        CLASS   BANK14         

        CLASS   BANK15         

        CLASS   SFR            

        CLASS   FARRAM         

        CLASS   CONFIG         
                config                           300000   300000        E         0

        CLASS   IDLOC          
                idloc                            200000   200000        8         0

        CLASS   EEDATA         



SEGMENTS        Name                           Load    Length   Top    Selector   Space  Class

                reset_vec                      000000  000004  000004         0       0  CODE    
                cstackCOMRAM                   000001  000065  000066         1       1  COMRAM  
                intcode                        000008  002EA8  002EB0         4       0  CODE    
                cstackBANK0                    000080  000045  0000C5        80       1  BANK0   
                cstackBANK1                    000100  000043  000143       100       1  BANK1   
                mediumconst                    00FEFA  000106  010000      7F7D       0  MEDIUMCO
                idloc                          200000  000008  200008    200000       0  IDLOC   
                config                         300000  00000E  30000E    300000       0  CONFIG  


UNUSED ADDRESS RANGES

        Name                Unused          Largest block    Delta
        BANK0            0000C5-0000FF               3B
        BANK1            000143-0001FF               BD
        BANK10           000A00-000AFF              100
        BANK11           000B00-000BFF              100
        BANK12           000C00-000CFF              100
        BANK13           000D00-000DFF              100
        BANK14           000E00-000EFF              100
        BANK15           000F00-000F7F               80
        BANK2            000200-0002FF              100
        BANK3            000300-0003FF              100
        BANK4            000400-0004FF              100
        BANK5            000500-0005FF              100
        BANK6            000600-0006FF              100
        BANK7            000700-0007FF              100
        BANK8            000800-0008FF              100
        BANK9            000900-0009FF              100
        BIGRAM           000066-00007F               1A
                         0000C5-0000FF               3B
                         000143-000F7F              E3D
        CODE             000004-000007                4
                         002EB0-00FEF9             D04A
        COMRAM           000066-00007F               1A
        CONST            000004-000007                4
                         002EB0-00FEF9             D04A
        EEDATA           F00000-F003FF              400
        MEDIUMCONST      002EB0-00FEF9             D04A
        RAM              0000C5-0000FF               3B
                         000143-000F7F              100
        SFR              000F80-000FFF               80
        SMALLCONST       002EB0-00FEF9              100
        STACK            000143-000F7F              E3D

                                  Symbol Table

?___awdiv                       cstackCOMRAM 000021
?___awmod                       cstackCOMRAM 00001B
?___fladd                       cstackCOMRAM 00004F
?___fldiv                       cstackCOMRAM 000042
?___flmul                       cstackCOMRAM 000029
?___flneg                       cstackCOMRAM 00002F
?___flsub                       cstackBANK0  000088
?___fltol                       cstackBANK0  000088
?___lldiv                       cstackCOMRAM 00001B
?___llmod                       cstackCOMRAM 000028
?___lwdiv                       cstackCOMRAM 000021
?___wmul                        cstackCOMRAM 00001B
?___xxtofl                      cstackCOMRAM 000021
?__div_to_l_                    cstackCOMRAM 00001B
?__tdiv_to_l_                   cstackCOMRAM 00001B
?_fround                        cstackCOMRAM 000042
?_read_adc_raw_no_lib           cstackCOMRAM 00001B
?_read_adc_voltage              cstackBANK0  000080
?_scale                         cstackCOMRAM 000042
?_sprintf                       cstackBANK0  000094
?i2___awmod                     cstackCOMRAM 000001
_ADCON0                         (abs)        000FC2
_ADCON0bits                     (abs)        000FC2
_ADCON1                         (abs)        000FC1
_ADCON2                         (abs)        000FC0
_ADRESH                         (abs)        000FC4
_ADRESL                         (abs)        000FC3
_BAUDCONbits                    (abs)        000FB8
_C                              bssCOMRAM    00005B
_CCP1CON                        (abs)        000FBD
_CCP1CONbits                    (abs)        000FBD
_CCP2CON                        (abs)        000FBA
_CCPR1L                         (abs)        000FBE
_CCPR2H                         (abs)        000FBC
_CCPR2L                         (abs)        000FBB
_H                              bssBANK0     0000C3
_INTCON                         (abs)        000FF2
_INTCON2                        (abs)        000FF1
_INTCON3                        (abs)        000FF0
_INTCON3bits                    (abs)        000FF0
_INTCONbits                     (abs)        000FF2
_IPR1                           (abs)        000F9F
_IPR2                           (abs)        000FA2
_LATCbits                       (abs)        000F8B
_LCD_INIT_STRING                dataCOMRAM   000061
_PIE1bits                       (abs)        000F9D
_PIE2bits                       (abs)        000FA0
_PIR1                           (abs)        000F9E
_PIR1bits                       (abs)        000F9E
_PIR2                           (abs)        000FA1
_PIR2bits                       (abs)        000FA1
_PORTBbits                      (abs)        000F81
_PORTCbits                      (abs)        000F82
_PORTEbits                      (abs)        000F84
_PR2                            (abs)        000FCB
_PWM_Disable                    text39       002EA2
_RCREG                          (abs)        000FAE
_RCSTA                          (abs)        000FAB
_RCSTAbits                      (abs)        000FAB
_RPS_count                      bssCOMRAM    00005D
_SPBRG                          (abs)        000FAF
_SPBRGH                         (abs)        000FB0
_T2CON                          (abs)        000FCA
_T2CONbits                      (abs)        000FCA
_T3CON                          (abs)        000FB1
_T3CONbits                      (abs)        000FB1
_TMR2                           (abs)        000FCC
_TMR3H                          (abs)        000FB3
_TMR3L                          (abs)        000FB2
_TRISA                          (abs)        000F92
_TRISB                          (abs)        000F93
_TRISC                          (abs)        000F94
_TRISCbits                      (abs)        000F94
_TRISD                          (abs)        000F95
_TRISE                          (abs)        000F96
_TXREG                          (abs)        000FAD
_TXSTA                          (abs)        000FAC
_TXSTAbits                      (abs)        000FAC
__CFG_BOREN$SBORDIS             (abs)        000000
__CFG_BORV$3                    (abs)        000000
__CFG_CCP2MX$PORTC              (abs)        000000
__CFG_CP0$OFF                   (abs)        000000
__CFG_CP1$OFF                   (abs)        000000
__CFG_CP2$OFF                   (abs)        000000
__CFG_CP3$OFF                   (abs)        000000
__CFG_CPB$OFF                   (abs)        000000
__CFG_CPD$OFF                   (abs)        000000
__CFG_EBTR0$OFF                 (abs)        000000
__CFG_EBTR1$OFF                 (abs)        000000
__CFG_EBTR2$OFF                 (abs)        000000
__CFG_EBTR3$OFF                 (abs)        000000
__CFG_EBTRB$OFF                 (abs)        000000
__CFG_FCMEN$OFF                 (abs)        000000
__CFG_IESO$OFF                  (abs)        000000
__CFG_LPT1OSC$OFF               (abs)        000000
__CFG_LVP$ON                    (abs)        000000
__CFG_MCLRE$ON                  (abs)        000000
__CFG_OSC$XT                    (abs)        000000
__CFG_PBADEN$ON                 (abs)        000000
__CFG_PWRT$OFF                  (abs)        000000
__CFG_STVREN$ON                 (abs)        000000
__CFG_WDT$ON                    (abs)        000000
__CFG_WDTPS$32768               (abs)        000000
__CFG_WRT0$OFF                  (abs)        000000
__CFG_WRT1$OFF                  (abs)        000000
__CFG_WRT2$OFF                  (abs)        000000
__CFG_WRT3$OFF                  (abs)        000000
__CFG_WRTB$OFF                  (abs)        000000
__CFG_WRTC$OFF                  (abs)        000000
__CFG_WRTD$OFF                  (abs)        000000
__CFG_XINST$OFF                 (abs)        000000
__HRAM                          (abs)        000000
__Habs1                         abs1         000000
__Hbank0                        bank0        000000
__Hbank1                        bank1        000000
__Hbank10                       bank10       000000
__Hbank11                       bank11       000000
__Hbank12                       bank12       000000
__Hbank13                       bank13       000000
__Hbank14                       bank14       000000
__Hbank15                       bank15       000000
__Hbank2                        bank2        000000
__Hbank3                        bank3        000000
__Hbank4                        bank4        000000
__Hbank5                        bank5        000000
__Hbank6                        bank6        000000
__Hbank7                        bank7        000000
__Hbank8                        bank8        000000
__Hbank9                        bank9        000000
__Hbigbss                       bigbss       000000
__Hbigdata                      bigdata      000000
__Hbigram                       bigram       000000
__Hbss                          bss          000000
__HbssBANK0                     bssBANK0     000000
__HbssCOMRAM                    bssCOMRAM    000000
__Hcinit                        cinit        000000
__Hclrtext                      clrtext      000000
__Hcomram                       comram       000000
__Hconfig                       config       30000E
__Hconst                        const        000000
__HcstackBANK0                  cstackBANK0  000000
__HcstackBANK1                  cstackBANK1  000000
__HcstackCOMRAM                 cstackCOMRAM 000000
__Hdata                         data         000000
__HdataCOMRAM                   dataCOMRAM   000000
__Heeprom_data                  eeprom_data  000000
__Hfarbss                       farbss       000000
__Hfardata                      fardata      000000
__Hibigdata                     ibigdata     000000
__Hidata                        idata        000000
__HidataCOMRAM                  idataCOMRAM  000000
__Hidloc                        idloc        200008
__Hifardata                     ifardata     000000
__Hinit                         init         000012
__Hintcode                      intcode      00000E
__Hintcode_body                 intcode_body 000000
__Hintcodelo                    intcodelo    00000E
__Hintentry                     intentry     000000
__Hintret                       intret       000000
__Hintsave_regs                 intsave_regs 000000
__Hirdata                       irdata       000000
__Hmediumconst                  mediumconst  010000
__HnvFARRAM                     nvFARRAM     000000
__Hnvbit                        nvbit        000000
__Hnvrram                       nvrram       000000
__Hparam                        rparam       000000
__Hpowerup                      powerup      00000E
__Hram                          ram          000000
__Hramtop                       ramtop       001000
__Hrbit                         rbit         000000
__Hrbss                         rbss         000000
__Hrdata                        rdata        000000
__Hreset_vec                    reset_vec    000004
__Hrparam                       rparam       000000
__Hsfr                          sfr          000000
__Hsmallconst                   smallconst   000000
__Hspace_0                      (abs)        30000E
__Hspace_1                      (abs)        000143
__Hspace_2                      (abs)        000000
__Hstack                        stack        000000
__Hstruct                       struct       000000
__Htemp                         temp         000066
__Htext                         text         000000
__Htext0                        text0        000000
__Htext1                        text1        000000
__Htext10                       text10       000000
__Htext11                       text11       000000
__Htext12                       text12       000000
__Htext13                       text13       000000
__Htext14                       text14       000000
__Htext15                       text15       000000
__Htext16                       text16       000000
__Htext17                       text17       000000
__Htext18                       text18       000000
__Htext19                       text19       000000
__Htext2                        text2        000000
__Htext20                       text20       000000
__Htext21                       text21       000000
__Htext22                       text22       000000
__Htext23                       text23       000000
__Htext24                       text24       000000
__Htext25                       text25       000000
__Htext26                       text26       000000
__Htext27                       text27       000000
__Htext28                       text28       000000
__Htext29                       text29       000000
__Htext3                        text3        000000
__Htext30                       text30       000000
__Htext31                       text31       000000
__Htext32                       text32       000000
__Htext33                       text33       000000
__Htext34                       text34       000000
__Htext35                       text35       000000
__Htext36                       text36       000000
__Htext37                       text37       000000
__Htext38                       text38       000000
__Htext39                       text39       000000
__Htext4                        text4        000000
__Htext41                       text41       000000
__Htext5                        text5        000000
__Htext6                        text6        000000
__Htext7                        text7        000000
__Htext8                        text8        000000
__Htext9                        text9        000000
__LRAM                          (abs)        000001
__Labs1                         abs1         000000
__Lbank0                        bank0        000000
__Lbank1                        bank1        000000
__Lbank10                       bank10       000000
__Lbank11                       bank11       000000
__Lbank12                       bank12       000000
__Lbank13                       bank13       000000
__Lbank14                       bank14       000000
__Lbank15                       bank15       000000
__Lbank2                        bank2        000000
__Lbank3                        bank3        000000
__Lbank4                        bank4        000000
__Lbank5                        bank5        000000
__Lbank6                        bank6        000000
__Lbank7                        bank7        000000
__Lbank8                        bank8        000000
__Lbank9                        bank9        000000
__Lbigbss                       bigbss       000000
__Lbigdata                      bigdata      000000
__Lbigram                       bigram       000000
__Lbss                          bss          000000
__LbssBANK0                     bssBANK0     000000
__LbssCOMRAM                    bssCOMRAM    000000
__Lcinit                        cinit        000000
__Lclrtext                      clrtext      000000
__Lcomram                       comram       000000
__Lconfig                       config       300000
__Lconst                        const        000000
__LcstackBANK0                  cstackBANK0  000000
__LcstackBANK1                  cstackBANK1  000000
__LcstackCOMRAM                 cstackCOMRAM 000000
__Ldata                         data         000000
__LdataCOMRAM                   dataCOMRAM   000000
__Leeprom_data                  eeprom_data  000000
__Lfarbss                       farbss       000000
__Lfardata                      fardata      000000
__Libigdata                     ibigdata     000000
__Lidata                        idata        000000
__LidataCOMRAM                  idataCOMRAM  000000
__Lidloc                        idloc        200000
__Lifardata                     ifardata     000000
__Linit                         init         00000E
__Lintcode                      intcode      000008
__Lintcode_body                 intcode_body 000000
__Lintcodelo                    intcodelo    00000E
__Lintentry                     intentry     000000
__Lintret                       intret       000000
__Lintsave_regs                 intsave_regs 000000
__Lirdata                       irdata       000000
__Lmediumconst                  mediumconst  00FEFA
__LnvFARRAM                     nvFARRAM     000000
__Lnvbit                        nvbit        000000
__Lnvrram                       nvrram       000000
__Lparam                        rparam       000000
__Lpowerup                      powerup      00000E
__Lram                          ram          000000
__Lramtop                       ramtop       001000
__Lrbit                         rbit         000000
__Lrbss                         rbss         000000
__Lrdata                        rdata        000000
__Lreset_vec                    reset_vec    000000
__Lrparam                       rparam       000000
__Lsfr                          sfr          000000
__Lsmallconst                   smallconst   000000
__Lspace_0                      (abs)        000000
__Lspace_1                      (abs)        000000
__Lspace_2                      (abs)        000000
__Lstack                        stack        000000
__Lstruct                       struct       000000
__Ltemp                         temp         000065
__Ltext                         text         000000
__Ltext0                        text0        000000
__Ltext1                        text1        000000
__Ltext10                       text10       000000
__Ltext11                       text11       000000
__Ltext12                       text12       000000
__Ltext13                       text13       000000
__Ltext14                       text14       000000
__Ltext15                       text15       000000
__Ltext16                       text16       000000
__Ltext17                       text17       000000
__Ltext18                       text18       000000
__Ltext19                       text19       000000
__Ltext2                        text2        000000
__Ltext20                       text20       000000
__Ltext21                       text21       000000
__Ltext22                       text22       000000
__Ltext23                       text23       000000
__Ltext24                       text24       000000
__Ltext25                       text25       000000
__Ltext26                       text26       000000
__Ltext27                       text27       000000
__Ltext28                       text28       000000
__Ltext29                       text29       000000
__Ltext3                        text3        000000
__Ltext30                       text30       000000
__Ltext31                       text31       000000
__Ltext32                       text32       000000
__Ltext33                       text33       000000
__Ltext34                       text34       000000
__Ltext35                       text35       000000
__Ltext36                       text36       000000
__Ltext37                       text37       000000
__Ltext38                       text38       000000
__Ltext39                       text39       000000
__Ltext4                        text4        000000
__Ltext41                       text41       000000
__Ltext5                        text5        000000
__Ltext6                        text6        000000
__Ltext7                        text7        000000
__Ltext8                        text8        000000
__Ltext9                        text9        000000
__S0                            (abs)        30000E
__S1                            (abs)        000143
__S2                            (abs)        000000
___awdiv                        text6        0027E6
___awdiv@counter                cstackCOMRAM 000025
___awdiv@dividend               cstackCOMRAM 000021
___awdiv@divisor                cstackCOMRAM 000023
___awdiv@quotient               cstackCOMRAM 000027
___awdiv@sign                   cstackCOMRAM 000026
___awmod                        text5        0028EC
___awmod@counter                cstackCOMRAM 00001F
___awmod@dividend               cstackCOMRAM 00001B
___awmod@divisor                cstackCOMRAM 00001D
___awmod@sign                   cstackCOMRAM 000020
___fladd                        text20       00177A
___fladd@a                      cstackCOMRAM 000053
___fladd@aexp                   cstackCOMRAM 000058
___fladd@b                      cstackCOMRAM 00004F
___fladd@bexp                   cstackCOMRAM 000059
___fladd@grs                    cstackCOMRAM 00005A
___fladd@signs                  cstackCOMRAM 000057
___fldiv                        text26       001ABE
___fldiv@a                      cstackCOMRAM 000046
___fldiv@aexp                   cstackCOMRAM 00005A
___fldiv@b                      cstackCOMRAM 000042
___fldiv@bexp                   cstackCOMRAM 000059
___fldiv@grs                    cstackCOMRAM 000055
___fldiv@new_exp                cstackCOMRAM 000053
___fldiv@rem                    cstackCOMRAM 00004F
___fldiv@sign                   cstackCOMRAM 00004E
___flge                         text13       0023A6
___flge@ff1                     cstackBANK0  000088
___flge@ff2                     cstackBANK0  00008C
___flmul                        text19       00142A
___flmul@a                      cstackCOMRAM 00002D
___flmul@aexp                   cstackCOMRAM 000036
___flmul@b                      cstackCOMRAM 000029
___flmul@bexp                   cstackCOMRAM 00003B
___flmul@grs                    cstackCOMRAM 000037
___flmul@prod                   cstackCOMRAM 00003C
___flmul@sign                   cstackCOMRAM 000035
___flmul@temp                   cstackCOMRAM 000040
___flneg                        text12       002D28
___flneg@f1                     cstackCOMRAM 00002F
___flsub                        text11       002BDC
___flsub@a                      cstackBANK0  00008C
___flsub@b                      cstackBANK0  000088
___fltol                        text18       0025C8
___fltol@exp1                   cstackBANK0  000091
___fltol@f1                     cstackBANK0  000088
___fltol@sign1                  cstackBANK0  000090
___inthi_sp                     stack        000000
___intlo_sp                     stack        000000
___lldiv                        text10       00286A
___lldiv@counter                cstackCOMRAM 000027
___lldiv@dividend               cstackCOMRAM 00001B
___lldiv@divisor                cstackCOMRAM 00001F
___lldiv@quotient               cstackCOMRAM 000023
___llmod                        text9        0029CC
___llmod@counter                cstackCOMRAM 000030
___llmod@dividend               cstackCOMRAM 000028
___llmod@divisor                cstackCOMRAM 00002C
___lwdiv                        text38       002B40
___lwdiv@counter                cstackCOMRAM 000025
___lwdiv@dividend               cstackCOMRAM 000021
___lwdiv@divisor                cstackCOMRAM 000023
___lwdiv@quotient               cstackCOMRAM 000026
___param_bank                   (abs)        000000
___rparam_used                  (abs)        000001
___sp                           stack        000000
___wmul                         text25       002DB2
___wmul@multiplicand            cstackCOMRAM 00001D
___wmul@multiplier              cstackCOMRAM 00001B
___wmul@product                 cstackCOMRAM 00001F
___xxtofl                       text24       001FFC
___xxtofl@arg                   cstackCOMRAM 00002B
___xxtofl@exp                   cstackCOMRAM 00002A
___xxtofl@sign                  cstackCOMRAM 000029
___xxtofl@val                   cstackCOMRAM 000021
__accesstop                     (abs)        000080
__activetblptr                  (abs)        000002
__div_to_l_                     text8        00227E
__div_to_l_@cntr                cstackCOMRAM 000027
__div_to_l_@exp1                cstackCOMRAM 000028
__div_to_l_@f1                  cstackCOMRAM 00001B
__div_to_l_@f2                  cstackCOMRAM 00001F
__div_to_l_@quot                cstackCOMRAM 000023
__end_of_PWM_Disable            text39       002EAC
__end_of___awdiv                text6        00286A
__end_of___awmod                text5        00295C
__end_of___fladd                text20       001ABE
__end_of___fldiv                text26       001D72
__end_of___flge                 text13       0024C8
__end_of___flmul                text19       00177A
__end_of___flneg                text12       002D56
__end_of___flsub                text11       002C24
__end_of___fltol                text18       0026A6
__end_of___lldiv                text10       0028EC
__end_of___llmod                text9        002A32
__end_of___lwdiv                text38       002B92
__end_of___wmul                 text25       002DD8
__end_of___xxtofl               text24       00214C
__end_of__div_to_l_             text8        0023A6
__end_of__initialization        cinit        002CE0
__end_of__npowers_              mediumconst  00FF63
__end_of__powers_               mediumconst  00FF2F
__end_of__tdiv_to_l_            text7        00227E
__end_of_delay_cycles           text33       002DB2
__end_of_delay_ms               text34       002DFE
__end_of_dpowers                mediumconst  00FF8B
__end_of_fround                 text4        001FFC
__end_of_highIsr                intcode_body 0025C8
__end_of_initTimers01           text37       002BDC
__end_of_init_adc_no_lib        text36       002E98
__end_of_init_pwm1              text35       002E8C
__end_of_isdigit                text3        002E62
__end_of_lcd_gotoxy             text29       002CAE
__end_of_lcd_init               text30       002A94
__end_of_lcd_putc               text28       002B40
__end_of_lcd_puts               text27       002AEA
__end_of_lcd_send_byte          text31       002C6C
__end_of_lcd_send_nibble        text32       002E44
__end_of_main                   text0        000FF2
__end_of_read_adc_raw_no_lib    text23       002D28
__end_of_read_adc_voltage       text22       0027E6
__end_of_scale                  text2        00142A
__end_of_set_compare_value      text21       002EA2
__end_of_set_pwm1_percent       text16       002760
__end_of_set_pwm1_raw           text17       002D84
__end_of_setupPorts             text15       002E7C
__end_of_setupSerial            text14       002E22
__end_of_sprintf                text1        000AB8
__end_ofi2___awmod              text41       0029CC
__initialization                cinit        002CAE
__mediumconst                   mediumconst  00FEFA
__npowers_                      mediumconst  00FF2F
__pbssBANK0                     bssBANK0     0000C3
__pbssCOMRAM                    bssCOMRAM    00005B
__pcinit                        cinit        002CAE
__pcstackBANK0                  cstackBANK0  000080
__pcstackBANK1                  cstackBANK1  000100
__pcstackCOMRAM                 cstackCOMRAM 000001
__pdataCOMRAM                   dataCOMRAM   000061
__pidataCOMRAM                  idataCOMRAM  002EAC
__pintcode                      intcode      000008
__pintcode_body                 intcode_body 0024C8
__pmediumconst                  mediumconst  00FEFA
__powers_                       mediumconst  00FEFB
__ptext0                        text0        000AB8
__ptext1                        text1        000012
__ptext10                       text10       00286A
__ptext11                       text11       002BDC
__ptext12                       text12       002D28
__ptext13                       text13       0023A6
__ptext14                       text14       002DFE
__ptext15                       text15       002E62
__ptext16                       text16       0026A6
__ptext17                       text17       002D56
__ptext18                       text18       0025C8
__ptext19                       text19       00142A
__ptext2                        text2        000FF2
__ptext20                       text20       00177A
__ptext21                       text21       002E98
__ptext22                       text22       002760
__ptext23                       text23       002CEE
__ptext24                       text24       001FFC
__ptext25                       text25       002DB2
__ptext26                       text26       001ABE
__ptext27                       text27       002A94
__ptext28                       text28       002AEA
__ptext29                       text29       002C6C
__ptext3                        text3        002E44
__ptext30                       text30       002A32
__ptext31                       text31       002C24
__ptext32                       text32       002E22
__ptext33                       text33       002D84
__ptext34                       text34       002DD8
__ptext35                       text35       002E7C
__ptext36                       text36       002E8C
__ptext37                       text37       002B92
__ptext38                       text38       002B40
__ptext39                       text39       002EA2
__ptext4                        text4        001D72
__ptext41                       text41       00295C
__ptext5                        text5        0028EC
__ptext6                        text6        0027E6
__ptext7                        text7        00214C
__ptext8                        text8        00227E
__ptext9                        text9        0029CC
__ramtop                        ramtop       001000
__size_of_PWM_Disable           (abs)        000000
__size_of___awdiv               (abs)        000000
__size_of___awmod               (abs)        000000
__size_of___fladd               (abs)        000000
__size_of___fldiv               (abs)        000000
__size_of___flge                (abs)        000000
__size_of___flmul               (abs)        000000
__size_of___flneg               (abs)        000000
__size_of___flsub               (abs)        000000
__size_of___fltol               (abs)        000000
__size_of___lldiv               (abs)        000000
__size_of___llmod               (abs)        000000
__size_of___lwdiv               (abs)        000000
__size_of___wmul                (abs)        000000
__size_of___xxtofl              (abs)        000000
__size_of__div_to_l_            (abs)        000000
__size_of__tdiv_to_l_           (abs)        000000
__size_of_delay_cycles          (abs)        000000
__size_of_delay_ms              (abs)        000000
__size_of_fround                (abs)        000000
__size_of_highIsr               (abs)        000000
__size_of_initTimers01          (abs)        000000
__size_of_init_adc_no_lib       (abs)        000000
__size_of_init_pwm1             (abs)        000000
__size_of_isdigit               (abs)        000000
__size_of_lcd_gotoxy            (abs)        000000
__size_of_lcd_init              (abs)        000000
__size_of_lcd_putc              (abs)        000000
__size_of_lcd_puts              (abs)        000000
__size_of_lcd_send_byte         (abs)        000000
__size_of_lcd_send_nibble       (abs)        000000
__size_of_main                  (abs)        000000
__size_of_read_adc_raw_no_lib   (abs)        000000
__size_of_read_adc_voltage      (abs)        000000
__size_of_scale                 (abs)        000000
__size_of_set_compare_value     (abs)        000000
__size_of_set_pwm1_percent      (abs)        000000
__size_of_set_pwm1_raw          (abs)        000000
__size_of_setupPorts            (abs)        000000
__size_of_setupSerial           (abs)        000000
__size_of_sprintf               (abs)        000000
__size_ofi2___awmod             (abs)        000000
__smallconst                    smallconst   000000
__tdiv_to_l_                    text7        00214C
__tdiv_to_l_@cntr               cstackCOMRAM 00002A
__tdiv_to_l_@exp1               cstackCOMRAM 00002B
__tdiv_to_l_@f1                 cstackCOMRAM 00001B
__tdiv_to_l_@f2                 cstackCOMRAM 00001F
__tdiv_to_l_@quot               cstackCOMRAM 000026
_delay_cycles                   text33       002D84
_delay_ms                       text34       002DD8
_dpowers                        mediumconst  00FF63
_fround                         text4        001D72
_fround$1916                    cstackCOMRAM 00004A
_fround$1917                    cstackCOMRAM 000046
_highIsr                        intcode      000008
_hysteresis                     bssCOMRAM    00005F
_initTimers01                   text37       002B92
_init_adc_no_lib                text36       002E8C
_init_pwm1                      text35       002E7C
_isdigit                        text3        002E44
_isdigit$1549                   cstackCOMRAM 00001C
_lcd                            (abs)        000F83
_lcd_gotoxy                     text29       002C6C
_lcd_init                       text30       002A32
_lcd_putc                       text28       002AEA
_lcd_puts                       text27       002A94
_lcd_send_byte                  text31       002C24
_lcd_send_nibble                text32       002E22
_main                           text0        000AB8
_mode                           bssCOMRAM    000060
_read_adc_raw_no_lib            text23       002CEE
_read_adc_voltage               text22       002760
_scale                          text2        000FF2
_scale$1918                     cstackCOMRAM 000046
_set_compare_value              text21       002E98
_set_pwm1_percent               text16       0026A6
_set_pwm1_raw                   text17       002D56
_setupPorts                     text15       002E62
_setupSerial                    text14       002DFE
_sprintf                        text1        000012
_sprintf$1919                   cstackBANK0  0000A2
btemp                           temp         000065
delay_cycles@n                  cstackCOMRAM 00001E
delay_cycles@x                  cstackCOMRAM 00001F
delay_ms@n                      cstackCOMRAM 00001B
delay_ms@x                      cstackCOMRAM 00001D
end_of_initialization           cinit        002CE0
fround@prec                     cstackCOMRAM 00004E
i2___awmod                      text41       00295C
i2___awmod@counter              cstackCOMRAM 000005
i2___awmod@dividend             cstackCOMRAM 000001
i2___awmod@divisor              cstackCOMRAM 000003
i2___awmod@sign                 cstackCOMRAM 000006
int$flags                       temp         000065
int_func                        intcode_body 0024C8
intlevel0                       text         000000
intlevel1                       text         000000
intlevel2                       text         000000
intlevel3                       text         000000
isdigit@c                       cstackCOMRAM 00001D
lcd_gotoxy@address              cstackCOMRAM 000027
lcd_gotoxy@x                    cstackCOMRAM 000026
lcd_gotoxy@y                    cstackCOMRAM 000025
lcd_init@i                      cstackCOMRAM 000025
lcd_putc@c                      cstackCOMRAM 000028
lcd_puts@s                      cstackCOMRAM 000029
lcd_send_byte@cm_data           cstackCOMRAM 000024
lcd_send_byte@n                 cstackCOMRAM 000023
lcd_send_nibble@n               cstackCOMRAM 000022
main@AN                         cstackBANK1  00012A
main@Buffer                     cstackBANK1  000100
main@HC                         cstackBANK1  000124
main@RT                         cstackBANK1  00013A
main@channel                    cstackBANK1  000142
main@cool_error                 cstackBANK1  000128
main@pwm_value                  cstackBANK1  000136
main@raw_val                    cstackBANK1  000138
main@sp                         cstackBANK1  00013E
main@voltage                    cstackBANK1  000120
read_adc_raw_no_lib@channel     cstackCOMRAM 00001F
read_adc_raw_no_lib@raw_value   cstackCOMRAM 000020
read_adc_voltage@channel        cstackBANK0  000088
read_adc_voltage@raw_value      cstackBANK0  000089
read_adc_voltage@voltage        cstackBANK0  000084
scale@scl                       cstackCOMRAM 00004A
set_compare_value@compare_value cstackCOMRAM 00001B
set_pwm1_percent@raw_val        cstackBANK0  00009A
set_pwm1_percent@tmp            cstackBANK0  000096
set_pwm1_percent@value          cstackBANK0  000092
set_pwm1_raw@raw_value          cstackCOMRAM 00001B
setupSerial@dummy               cstackCOMRAM 00001B
sprintf@ap                      cstackBANK0  0000A8
sprintf@c                       cstackBANK0  0000C0
sprintf@cp                      cstackBANK0  0000A6
sprintf@exp                     cstackBANK0  0000B6
sprintf@f                       cstackBANK0  000096
sprintf@flag                    cstackBANK0  0000AC
sprintf@fval                    cstackBANK0  0000BA
sprintf@len                     cstackBANK0  0000AA
sprintf@prec                    cstackBANK0  0000BE
sprintf@sp                      cstackBANK0  000094
sprintf@tmpval                  cstackBANK0  0000AE
sprintf@val                     cstackBANK0  0000B2
sprintf@width                   cstackBANK0  0000B8
stackhi                         (abs)        000F7F
stacklo                         (abs)        000143
start                           init         00000E
start_initialization            cinit        002CAE
wtemp6                          temp         000066


FUNCTION INFORMATION:

 *************** function _main *****************
 Defined at:
		line 156 in file "pwm_asl.c"
 Parameters:    Size  Location     Type
		None
 Auto vars:     Size  Location     Type
  pwm_value       2   54[BANK1 ] unsigned int 
  cool_error      2   40[BANK1 ] unsigned int 
  sp              4   62[BANK1 ] float 
  RT              4   58[BANK1 ] float 
  HC              4   36[BANK1 ] float 
  Buffer         32    0[BANK1 ] unsigned char [32]
  AN             12   42[BANK1 ] float [3]
  voltage         4   32[BANK1 ] float 
  raw_val         2   56[BANK1 ] int 
  RPS             2    0        int 
  channel         1   66[BANK1 ] unsigned char 
 Return value:  Size  Location     Type
                  1    wreg      void 
 Registers used:
		wreg, fsr1l, fsr1h, fsr2l, fsr2h, status,2, status,0, tblptrl, tblptrh, tblptru, prodl, prodh, cstack
 Tracked objects:
		On entry : 
		On exit  : 
		Unchanged: 
 Data sizes:     COMRAM   BANK0   BANK1   BANK2   BANK3   BANK4   BANK5   BANK6   BANK7   BANK8   BANK9  BANK10  BANK11  BANK12  BANK13  BANK14  BANK15
      Params:         0       0       0       0       0       0       0       0       0       0       0       0       0       0       0       0       0
      Locals:         0       0      67       0       0       0       0       0       0       0       0       0       0       0       0       0       0
      Temps:          0       2       0       0       0       0       0       0       0       0       0       0       0       0       0       0       0
      Totals:         0       2      67       0       0       0       0       0       0       0       0       0       0       0       0       0       0
Total ram usage:       69 bytes
 Hardware stack levels required when called:    8
 This function calls:
		_PWM_Disable
		___fladd
		___fldiv
		___flge
		___flmul
		___flneg
		___fltol
		___lwdiv
		___wmul
		___xxtofl
		_delay_ms
		_initTimers01
		_init_adc_no_lib
		_init_pwm1
		_lcd_gotoxy
		_lcd_init
		_lcd_putc
		_lcd_puts
		_read_adc_raw_no_lib
		_read_adc_voltage
		_set_compare_value
		_set_pwm1_percent
		_set_pwm1_raw
		_setupPorts
		_setupSerial
		_sprintf
 This function is called by:
		Startup code after reset
 This function uses a non-reentrant model


 *************** function _sprintf *****************
 Defined at:
		line 492 in file "C:\Program Files (x86)\Microchip\xc8\v1.45\sources\common\doprnt.c"
 Parameters:    Size  Location     Type
  sp              2   20[BANK0 ] PTR unsigned char 
		 -> main@Buffer(32), 
  f               2   22[BANK0 ] PTR const unsigned char 
		 -> STR_7(16), STR_6(15), STR_5(15), STR_4(15), 
		 -> STR_3(21), STR_2(11), STR_1(18), 
 Auto vars:     Size  Location     Type
  fval            4   58[BANK0 ] PTR const unsigned char 
  val             4   50[BANK0 ] unsigned long 
  tmpval          4   46[BANK0 ] struct .
  prec            2   62[BANK0 ] int 
  width           2   56[BANK0 ] int 
  exp             2   54[BANK0 ] int 
  flag            2   44[BANK0 ] unsigned short 
  len             2   42[BANK0 ] unsigned int 
  ap              2   40[BANK0 ] PTR void [1]
		 -> ?_sprintf(2), 
  cp              2   38[BANK0 ] PTR const unsigned char 
		 -> sprintf@c(1), 
  c               1   64[BANK0 ] char 
  d               1    0        unsigned char 
 Return value:  Size  Location     Type
                  2   20[BANK0 ] int 
 Registers used:
		wreg, fsr1l, fsr1h, fsr2l, fsr2h, status,2, status,0, tblptrl, tblptrh, tblptru, prodl, prodh, cstack
 Tracked objects:
		On entry : 
		On exit  : 
		Unchanged: 
 Data sizes:     COMRAM   BANK0   BANK1   BANK2   BANK3   BANK4   BANK5   BANK6   BANK7   BANK8   BANK9  BANK10  BANK11  BANK12  BANK13  BANK14  BANK15
      Params:         0      10       0       0       0       0       0       0       0       0       0       0       0       0       0       0       0
      Locals:         0      31       0       0       0       0       0       0       0       0       0       0       0       0       0       0       0
      Temps:          0       4       0       0       0       0       0       0       0       0       0       0       0       0       0       0       0
      Totals:         0      45       0       0       0       0       0       0       0       0       0       0       0       0       0       0       0
Total ram usage:       45 bytes
 Hardware stack levels used:    1
 Hardware stack levels required when called:    4
 This function calls:
		___awdiv
		___fladd
		___flge
		___flmul
		___flneg
		___flsub
		___fltol
		___lldiv
		___llmod
		___wmul
		___xxtofl
		__div_to_l_
		__tdiv_to_l_
		_fround
		_isdigit
		_scale
 This function is called by:
		_main
 This function uses a non-reentrant model


 *************** function _scale *****************
 Defined at:
		line 425 in file "C:\Program Files (x86)\Microchip\xc8\v1.45\sources\common\doprnt.c"
 Parameters:    Size  Location     Type
  scl             1    wreg     char 
 Auto vars:     Size  Location     Type
  scl             1   73[COMRAM] char 
 Return value:  Size  Location     Type
                  4   65[COMRAM] char 
 Registers used:
		wreg, status,2, status,0, tblptrl, tblptrh, tblptru, prodl, prodh, cstack
 Tracked objects:
		On entry : 
		On exit  : 
		Unchanged: 
 Data sizes:     COMRAM   BANK0   BANK1   BANK2   BANK3   BANK4   BANK5   BANK6   BANK7   BANK8   BANK9  BANK10  BANK11  BANK12  BANK13  BANK14  BANK15
      Params:         4       0       0       0       0       0       0       0       0       0       0       0       0       0       0       0       0
      Locals:         5       0       0       0       0       0       0       0       0       0       0       0       0       0       0       0       0
      Temps:          0       0       0       0       0       0       0       0       0       0       0       0       0       0       0       0       0
      Totals:         9       0       0       0       0       0       0       0       0       0       0       0       0       0       0       0       0
Total ram usage:        9 bytes
 Hardware stack levels used:    1
 Hardware stack levels required when called:    3
 This function calls:
		___awdiv
		___awmod
		___flmul
 This function is called by:
		_sprintf
 This function uses a non-reentrant model


 *************** function _isdigit *****************
 Defined at:
		line 8 in file "C:\Program Files (x86)\Microchip\xc8\v1.45\sources\common\isdigit.c"
 Parameters:    Size  Location     Type
  c               1    wreg     unsigned char 
 Auto vars:     Size  Location     Type
  c               1   28[COMRAM] unsigned char 
 Return value:  Size  Location     Type
		None               void
 Registers used:
		wreg, status,2, status,0
 Tracked objects:
		On entry : 
		On exit  : 
		Unchanged: 
 Data sizes:     COMRAM   BANK0   BANK1   BANK2   BANK3   BANK4   BANK5   BANK6   BANK7   BANK8   BANK9  BANK10  BANK11  BANK12  BANK13  BANK14  BANK15
      Params:         0       0       0       0       0       0       0       0       0       0       0       0       0       0       0       0       0
      Locals:         2       0       0       0       0       0       0       0       0       0       0       0       0       0       0       0       0
      Temps:          1       0       0       0       0       0       0       0       0       0       0       0       0       0       0       0       0
      Totals:         3       0       0       0       0       0       0       0       0       0       0       0       0       0       0       0       0
Total ram usage:        3 bytes
 Hardware stack levels used:    1
 Hardware stack levels required when called:    2
 This function calls:
		Nothing
 This function is called by:
		_sprintf
 This function uses a non-reentrant model


 *************** function _fround *****************
 Defined at:
		line 409 in file "C:\Program Files (x86)\Microchip\xc8\v1.45\sources\common\doprnt.c"
 Parameters:    Size  Location     Type
  prec            1    wreg     unsigned char 
 Auto vars:     Size  Location     Type
  prec            1   77[COMRAM] unsigned char 
 Return value:  Size  Location     Type
                  4   65[COMRAM] unsigned char 
 Registers used:
		wreg, status,2, status,0, tblptrl, tblptrh, tblptru, prodl, prodh, cstack
 Tracked objects:
		On entry : 
		On exit  : 
		Unchanged: 
 Data sizes:     COMRAM   BANK0   BANK1   BANK2   BANK3   BANK4   BANK5   BANK6   BANK7   BANK8   BANK9  BANK10  BANK11  BANK12  BANK13  BANK14  BANK15
      Params:         4       0       0       0       0       0       0       0       0       0       0       0       0       0       0       0       0
      Locals:         9       0       0       0       0       0       0       0       0       0       0       0       0       0       0       0       0
      Temps:          0       0       0       0       0       0       0       0       0       0       0       0       0       0       0       0       0
      Totals:        13       0       0       0       0       0       0       0       0       0       0       0       0       0       0       0       0
Total ram usage:       13 bytes
 Hardware stack levels used:    1
 Hardware stack levels required when called:    3
 This function calls:
		___awdiv
		___awmod
		___flmul
 This function is called by:
		_sprintf
 This function uses a non-reentrant model


 *************** function ___awmod *****************
 Defined at:
		line 8 in file "C:\Program Files (x86)\Microchip\xc8\v1.45\sources\common\awmod.c"
 Parameters:    Size  Location     Type
  dividend        2   26[COMRAM] int 
  divisor         2   28[COMRAM] int 
 Auto vars:     Size  Location     Type
  sign            1   31[COMRAM] unsigned char 
  counter         1   30[COMRAM] unsigned char 
 Return value:  Size  Location     Type
                  2   26[COMRAM] int 
 Registers used:
		wreg, status,2, status,0
 Tracked objects:
		On entry : 
		On exit  : 
		Unchanged: 
 Data sizes:     COMRAM   BANK0   BANK1   BANK2   BANK3   BANK4   BANK5   BANK6   BANK7   BANK8   BANK9  BANK10  BANK11  BANK12  BANK13  BANK14  BANK15
      Params:         4       0       0       0       0       0       0       0       0       0       0       0       0       0       0       0       0
      Locals:         2       0       0       0       0       0       0       0       0       0       0       0       0       0       0       0       0
      Temps:          0       0       0       0       0       0       0       0       0       0       0       0       0       0       0       0       0
      Totals:         6       0       0       0       0       0       0       0       0       0       0       0       0       0       0       0       0
Total ram usage:        6 bytes
 Hardware stack levels used:    1
 Hardware stack levels required when called:    2
 This function calls:
		Nothing
 This function is called by:
		_fround
		_scale
 This function uses a non-reentrant model


 *************** function ___awdiv *****************
 Defined at:
		line 8 in file "C:\Program Files (x86)\Microchip\xc8\v1.45\sources\common\awdiv.c"
 Parameters:    Size  Location     Type
  dividend        2   32[COMRAM] int 
  divisor         2   34[COMRAM] int 
 Auto vars:     Size  Location     Type
  quotient        2   38[COMRAM] int 
  sign            1   37[COMRAM] unsigned char 
  counter         1   36[COMRAM] unsigned char 
 Return value:  Size  Location     Type
                  2   32[COMRAM] int 
 Registers used:
		wreg, status,2, status,0
 Tracked objects:
		On entry : 
		On exit  : 
		Unchanged: 
 Data sizes:     COMRAM   BANK0   BANK1   BANK2   BANK3   BANK4   BANK5   BANK6   BANK7   BANK8   BANK9  BANK10  BANK11  BANK12  BANK13  BANK14  BANK15
      Params:         4       0       0       0       0       0       0       0       0       0       0       0       0       0       0       0       0
      Locals:         4       0       0       0       0       0       0       0       0       0       0       0       0       0       0       0       0
      Temps:          0       0       0       0       0       0       0       0       0       0       0       0       0       0       0       0       0
      Totals:         8       0       0       0       0       0       0       0       0       0       0       0       0       0       0       0       0
Total ram usage:        8 bytes
 Hardware stack levels used:    1
 Hardware stack levels required when called:    2
 This function calls:
		Nothing
 This function is called by:
		_fround
		_scale
		_sprintf
 This function uses a non-reentrant model


 *************** function __tdiv_to_l_ *****************
 Defined at:
		line 60 in file "C:\Program Files (x86)\Microchip\xc8\v1.45\sources\common\ftdivl.c"
 Parameters:    Size  Location     Type
  f1              4   26[COMRAM] float 
  f2              4   30[COMRAM] float 
 Auto vars:     Size  Location     Type
  quot            4   37[COMRAM] unsigned long 
  exp1            1   42[COMRAM] unsigned char 
  cntr            1   41[COMRAM] unsigned char 
 Return value:  Size  Location     Type
                  4   26[COMRAM] unsigned long 
 Registers used:
		wreg, status,2, status,0
 Tracked objects:
		On entry : 
		On exit  : 
		Unchanged: 
 Data sizes:     COMRAM   BANK0   BANK1   BANK2   BANK3   BANK4   BANK5   BANK6   BANK7   BANK8   BANK9  BANK10  BANK11  BANK12  BANK13  BANK14  BANK15
      Params:         8       0       0       0       0       0       0       0       0       0       0       0       0       0       0       0       0
      Locals:         6       0       0       0       0       0       0       0       0       0       0       0       0       0       0       0       0
      Temps:          3       0       0       0       0       0       0       0       0       0       0       0       0       0       0       0       0
      Totals:        17       0       0       0       0       0       0       0       0       0       0       0       0       0       0       0       0
Total ram usage:       17 bytes
 Hardware stack levels used:    1
 Hardware stack levels required when called:    2
 This function calls:
		Nothing
 This function is called by:
		_sprintf
 This function uses a non-reentrant model


 *************** function __div_to_l_ *****************
 Defined at:
		line 60 in file "C:\Program Files (x86)\Microchip\xc8\v1.45\sources\common\fldivl.c"
 Parameters:    Size  Location     Type
  f1              4   26[COMRAM] unsigned long 
  f2              4   30[COMRAM] unsigned long 
 Auto vars:     Size  Location     Type
  quot            4   34[COMRAM] unsigned long 
  exp1            1   39[COMRAM] unsigned char 
  cntr            1   38[COMRAM] unsigned char 
 Return value:  Size  Location     Type
                  4   26[COMRAM] unsigned long 
 Registers used:
		wreg, status,2, status,0
 Tracked objects:
		On entry : 
		On exit  : 
		Unchanged: 
 Data sizes:     COMRAM   BANK0   BANK1   BANK2   BANK3   BANK4   BANK5   BANK6   BANK7   BANK8   BANK9  BANK10  BANK11  BANK12  BANK13  BANK14  BANK15
      Params:         8       0       0       0       0       0       0       0       0       0       0       0       0       0       0       0       0
      Locals:         6       0       0       0       0       0       0       0       0       0       0       0       0       0       0       0       0
      Temps:          0       0       0       0       0       0       0       0       0       0       0       0       0       0       0       0       0
      Totals:        14       0       0       0       0       0       0       0       0       0       0       0       0       0       0       0       0
Total ram usage:       14 bytes
 Hardware stack levels used:    1
 Hardware stack levels required when called:    2
 This function calls:
		Nothing
 This function is called by:
		_sprintf
 This function uses a non-reentrant model


 *************** function ___llmod *****************
 Defined at:
		line 8 in file "C:\Program Files (x86)\Microchip\xc8\v1.45\sources\common\llmod.c"
 Parameters:    Size  Location     Type
  dividend        4   39[COMRAM] unsigned long 
  divisor         4   43[COMRAM] unsigned long 
 Auto vars:     Size  Location     Type
  counter         1   47[COMRAM] unsigned char 
 Return value:  Size  Location     Type
                  4   39[COMRAM] unsigned long 
 Registers used:
		wreg, status,2, status,0
 Tracked objects:
		On entry : 
		On exit  : 
		Unchanged: 
 Data sizes:     COMRAM   BANK0   BANK1   BANK2   BANK3   BANK4   BANK5   BANK6   BANK7   BANK8   BANK9  BANK10  BANK11  BANK12  BANK13  BANK14  BANK15
      Params:         8       0       0       0       0       0       0       0       0       0       0       0       0       0       0       0       0
      Locals:         1       0       0       0       0       0       0       0       0       0       0       0       0       0       0       0       0
      Temps:          0       0       0       0       0       0       0       0       0       0       0       0       0       0       0       0       0
      Totals:         9       0       0       0       0       0       0       0       0       0       0       0       0       0       0       0       0
Total ram usage:        9 bytes
 Hardware stack levels used:    1
 Hardware stack levels required when called:    2
 This function calls:
		Nothing
 This function is called by:
		_sprintf
 This function uses a non-reentrant model


 *************** function ___lldiv *****************
 Defined at:
		line 8 in file "C:\Program Files (x86)\Microchip\xc8\v1.45\sources\common\lldiv.c"
 Parameters:    Size  Location     Type
  dividend        4   26[COMRAM] unsigned long 
  divisor         4   30[COMRAM] unsigned long 
 Auto vars:     Size  Location     Type
  quotient        4   34[COMRAM] unsigned long 
  counter         1   38[COMRAM] unsigned char 
 Return value:  Size  Location     Type
                  4   26[COMRAM] unsigned long 
 Registers used:
		wreg, status,2, status,0
 Tracked objects:
		On entry : 
		On exit  : 
		Unchanged: 
 Data sizes:     COMRAM   BANK0   BANK1   BANK2   BANK3   BANK4   BANK5   BANK6   BANK7   BANK8   BANK9  BANK10  BANK11  BANK12  BANK13  BANK14  BANK15
      Params:         8       0       0       0       0       0       0       0       0       0       0       0       0       0       0       0       0
      Locals:         5       0       0       0       0       0       0       0       0       0       0       0       0       0       0       0       0
      Temps:          0       0       0       0       0       0       0       0       0       0       0       0       0       0       0       0       0
      Totals:        13       0       0       0       0       0       0       0       0       0       0       0       0       0       0       0       0
Total ram usage:       13 bytes
 Hardware stack levels used:    1
 Hardware stack levels required when called:    2
 This function calls:
		Nothing
 This function is called by:
		_sprintf
 This function uses a non-reentrant model


 *************** function ___flsub *****************
 Defined at:
		line 245 in file "C:\Program Files (x86)\Microchip\xc8\v1.45\sources\common\sprcadd.c"
 Parameters:    Size  Location     Type
  b               4    8[BANK0 ] unsigned long 
  a               4   12[BANK0 ] unsigned long 
 Auto vars:     Size  Location     Type
		None
 Return value:  Size  Location     Type
                  4    8[BANK0 ] unsigned long 
 Registers used:
		wreg, status,2, status,0, cstack
 Tracked objects:
		On entry : 
		On exit  : 
		Unchanged: 
 Data sizes:     COMRAM   BANK0   BANK1   BANK2   BANK3   BANK4   BANK5   BANK6   BANK7   BANK8   BANK9  BANK10  BANK11  BANK12  BANK13  BANK14  BANK15
      Params:         0       8       0       0       0       0       0       0       0       0       0       0       0       0       0       0       0
      Locals:         0       0       0       0       0       0       0       0       0       0       0       0       0       0       0       0       0
      Temps:          0       0       0       0       0       0       0       0       0       0       0       0       0       0       0       0       0
      Totals:         0       8       0       0       0       0       0       0       0       0       0       0       0       0       0       0       0
Total ram usage:        8 bytes
 Hardware stack levels used:    1
 Hardware stack levels required when called:    3
 This function calls:
		___fladd
 This function is called by:
		_sprintf
 This function uses a non-reentrant model


 *************** function ___flneg *****************
 Defined at:
		line 15 in file "C:\Program Files (x86)\Microchip\xc8\v1.45\sources\common\flneg.c"
 Parameters:    Size  Location     Type
  f1              4   46[COMRAM] unsigned long 
 Auto vars:     Size  Location     Type
		None
 Return value:  Size  Location     Type
                  4   46[COMRAM] unsigned long 
 Registers used:
		wreg, status,2, status,0
 Tracked objects:
		On entry : 
		On exit  : 
		Unchanged: 
 Data sizes:     COMRAM   BANK0   BANK1   BANK2   BANK3   BANK4   BANK5   BANK6   BANK7   BANK8   BANK9  BANK10  BANK11  BANK12  BANK13  BANK14  BANK15
      Params:         4       0       0       0       0       0       0       0       0       0       0       0       0       0       0       0       0
      Locals:         0       0       0       0       0       0       0       0       0       0       0       0       0       0       0       0       0
      Temps:          0       0       0       0       0       0       0       0       0       0       0       0       0       0       0       0       0
      Totals:         4       0       0       0       0       0       0       0       0       0       0       0       0       0       0       0       0
Total ram usage:        4 bytes
 Hardware stack levels used:    1
 Hardware stack levels required when called:    2
 This function calls:
		Nothing
 This function is called by:
		_main
		_sprintf
		_set_pwm1_general
 This function uses a non-reentrant model


 *************** function ___flge *****************
 Defined at:
		line 4 in file "C:\Program Files (x86)\Microchip\xc8\v1.45\sources\common\flge.c"
 Parameters:    Size  Location     Type
  ff1             4    8[BANK0 ] unsigned long 
  ff2             4   12[BANK0 ] unsigned long 
 Auto vars:     Size  Location     Type
		None
 Return value:  Size  Location     Type
		None               void
 Registers used:
		wreg, status,2, status,0
 Tracked objects:
		On entry : 
		On exit  : 
		Unchanged: 
 Data sizes:     COMRAM   BANK0   BANK1   BANK2   BANK3   BANK4   BANK5   BANK6   BANK7   BANK8   BANK9  BANK10  BANK11  BANK12  BANK13  BANK14  BANK15
      Params:         0       8       0       0       0       0       0       0       0       0       0       0       0       0       0       0       0
      Locals:         0       0       0       0       0       0       0       0       0       0       0       0       0       0       0       0       0
      Temps:          0       4       0       0       0       0       0       0       0       0       0       0       0       0       0       0       0
      Totals:         0      12       0       0       0       0       0       0       0       0       0       0       0       0       0       0       0
Total ram usage:       12 bytes
 Hardware stack levels used:    1
 Hardware stack levels required when called:    2
 This function calls:
		Nothing
 This function is called by:
		_main
		_sprintf
 This function uses a non-reentrant model


 *************** function _setupSerial *****************
 Defined at:
		line 3 in file "my_ser.c"
 Parameters:    Size  Location     Type
		None
 Auto vars:     Size  Location     Type
  dummy           1   26[COMRAM] unsigned char 
 Return value:  Size  Location     Type
                  1    wreg      void 
 Registers used:
		wreg, status,2
 Tracked objects:
		On entry : 
		On exit  : 
		Unchanged: 
 Data sizes:     COMRAM   BANK0   BANK1   BANK2   BANK3   BANK4   BANK5   BANK6   BANK7   BANK8   BANK9  BANK10  BANK11  BANK12  BANK13  BANK14  BANK15
      Params:         0       0       0       0       0       0       0       0       0       0       0       0       0       0       0       0       0
      Locals:         1       0       0       0       0       0       0       0       0       0       0       0       0       0       0       0       0
      Temps:          0       0       0       0       0       0       0       0       0       0       0       0       0       0       0       0       0
      Totals:         1       0       0       0       0       0       0       0       0       0       0       0       0       0       0       0       0
Total ram usage:        1 bytes
 Hardware stack levels used:    1
 Hardware stack levels required when called:    2
 This function calls:
		Nothing
 This function is called by:
		_main
 This function uses a non-reentrant model


 *************** function _setupPorts *****************
 Defined at:
		line 84 in file "pwm_asl.c"
 Parameters:    Size  Location     Type
		None
 Auto vars:     Size  Location     Type
		None
 Return value:  Size  Location     Type
                  1    wreg      void 
 Registers used:
		wreg, status,2
 Tracked objects:
		On entry : 
		On exit  : 
		Unchanged: 
 Data sizes:     COMRAM   BANK0   BANK1   BANK2   BANK3   BANK4   BANK5   BANK6   BANK7   BANK8   BANK9  BANK10  BANK11  BANK12  BANK13  BANK14  BANK15
      Params:         0       0       0       0       0       0       0       0       0       0       0       0       0       0       0       0       0
      Locals:         0       0       0       0       0       0       0       0       0       0       0       0       0       0       0       0       0
      Temps:          0       0       0       0       0       0       0       0       0       0       0       0       0       0       0       0       0
      Totals:         0       0       0       0       0       0       0       0       0       0       0       0       0       0       0       0       0
Total ram usage:        0 bytes
 Hardware stack levels used:    1
 Hardware stack levels required when called:    2
 This function calls:
		Nothing
 This function is called by:
		_main
 This function uses a non-reentrant model


 *************** function _set_pwm1_percent *****************
 Defined at:
		line 22 in file "my_pwm.c"
 Parameters:    Size  Location     Type
  value           4   18[BANK0 ] float 
 Auto vars:     Size  Location     Type
  tmp             4   22[BANK0 ] float 
  raw_val         2   26[BANK0 ] int 
 Return value:  Size  Location     Type
                  1    wreg      void 
 Registers used:
		wreg, status,2, status,0, prodl, prodh, cstack
 Tracked objects:
		On entry : 
		On exit  : 
		Unchanged: 
 Data sizes:     COMRAM   BANK0   BANK1   BANK2   BANK3   BANK4   BANK5   BANK6   BANK7   BANK8   BANK9  BANK10  BANK11  BANK12  BANK13  BANK14  BANK15
      Params:         0       4       0       0       0       0       0       0       0       0       0       0       0       0       0       0       0
      Locals:         0       6       0       0       0       0       0       0       0       0       0       0       0       0       0       0       0
      Temps:          0       0       0       0       0       0       0       0       0       0       0       0       0       0       0       0       0
      Totals:         0      10       0       0       0       0       0       0       0       0       0       0       0       0       0       0       0
Total ram usage:       10 bytes
 Hardware stack levels used:    1
 Hardware stack levels required when called:    3
 This function calls:
		___fladd
		___fldiv
		___flmul
		___fltol
		_set_pwm1_raw
 This function is called by:
		_main
 This function uses a non-reentrant model


 *************** function _set_pwm1_raw *****************
 Defined at:
		line 14 in file "my_pwm.c"
 Parameters:    Size  Location     Type
  raw_value       2   26[COMRAM] unsigned int 
 Auto vars:     Size  Location     Type
		None
 Return value:  Size  Location     Type
                  1    wreg      void 
 Registers used:
		wreg, status,2, status,0
 Tracked objects:
		On entry : 
		On exit  : 
		Unchanged: 
 Data sizes:     COMRAM   BANK0   BANK1   BANK2   BANK3   BANK4   BANK5   BANK6   BANK7   BANK8   BANK9  BANK10  BANK11  BANK12  BANK13  BANK14  BANK15
      Params:         2       0       0       0       0       0       0       0       0       0       0       0       0       0       0       0       0
      Locals:         0       0       0       0       0       0       0       0       0       0       0       0       0       0       0       0       0
      Temps:          2       0       0       0       0       0       0       0       0       0       0       0       0       0       0       0       0
      Totals:         4       0       0       0       0       0       0       0       0       0       0       0       0       0       0       0       0
[...]
Total ram usage:        2 bytes
 Hardware stack levels used:    1
 Hardware stack levels required when called:    4
 This function calls:
		_delay_cycles
		_delay_ms
		_lcd_send_nibble
 This function is called by:
		_lcd_init
		_lcd_gotoxy
		_lcd_putc
		_Lcd_Shift_Right
		_Lcd_Shift_Left
 This function uses a non-reentrant model


 *************** function _lcd_send_nibble *****************
 Defined at:
		line 29 in file "lcd_x8.c"
 Parameters:    Size  Location     Type
  n               1    wreg     unsigned char 
 Auto vars:     Size  Location     Type
  n               1   33[COMRAM] unsigned char 
 Return value:  Size  Location     Type
                  1    wreg      void 
 Registers used:
		wreg, status,2, status,0, cstack
 Tracked objects:
		On entry : 
		On exit  : 
		Unchanged: 
 Data sizes:     COMRAM   BANK0   BANK1   BANK2   BANK3   BANK4   BANK5   BANK6   BANK7   BANK8   BANK9  BANK10  BANK11  BANK12  BANK13  BANK14  BANK15
      Params:         0       0       0       0       0       0       0       0       0       0       0       0       0       0       0       0       0
      Locals:         1       0       0       0       0       0       0       0       0       0       0       0       0       0       0       0       0
      Temps:          1       0       0       0       0       0       0       0       0       0       0       0       0       0       0       0       0
      Totals:         2       0       0       0       0       0       0       0       0       0       0       0       0       0       0       0       0
Total ram usage:        2 bytes
 Hardware stack levels used:    1
 Hardware stack levels required when called:    3
 This function calls:
		_delay_cycles
 This function is called by:
		_lcd_send_byte
		_lcd_init
 This function uses a non-reentrant model


 *************** function _delay_cycles *****************
 Defined at:
		line 20 in file "lcd_x8.c"
 Parameters:    Size  Location     Type
  n               1    wreg     unsigned char 
 Auto vars:     Size  Location     Type
  n               1   29[COMRAM] unsigned char 
  x               2   30[COMRAM] int 
 Return value:  Size  Location     Type
                  1    wreg      void 
 Registers used:
		wreg, status,2, status,0
 Tracked objects:
		On entry : 
		On exit  : 
		Unchanged: 
 Data sizes:     COMRAM   BANK0   BANK1   BANK2   BANK3   BANK4   BANK5   BANK6   BANK7   BANK8   BANK9  BANK10  BANK11  BANK12  BANK13  BANK14  BANK15
      Params:         0       0       0       0       0       0       0       0       0       0       0       0       0       0       0       0       0
      Locals:         3       0       0       0       0       0       0       0       0       0       0       0       0       0       0       0       0
      Temps:          3       0       0       0       0       0       0       0       0       0       0       0       0       0       0       0       0
      Totals:         6       0       0       0       0       0       0       0       0       0       0       0       0       0       0       0       0
Total ram usage:        6 bytes
 Hardware stack levels used:    1
 Hardware stack levels required when called:    2
 This function calls:
		Nothing
 This function is called by:
		_lcd_send_nibble
		_lcd_send_byte
 This function uses a non-reentrant model


 *************** function _delay_ms *****************
 Defined at:
		line 12 in file "lcd_x8.c"
 Parameters:    Size  Location     Type
  n               2   26[COMRAM] unsigned int 
 Auto vars:     Size  Location     Type
  x               2   28[COMRAM] int 
 Return value:  Size  Location     Type
                  1    wreg      void 
 Registers used:
		wreg, status,2, status,0
 Tracked objects:
		On entry : 
		On exit  : 
		Unchanged: 
 Data sizes:     COMRAM   BANK0   BANK1   BANK2   BANK3   BANK4   BANK5   BANK6   BANK7   BANK8   BANK9  BANK10  BANK11  BANK12  BANK13  BANK14  BANK15
      Params:         2       0       0       0       0       0       0       0       0       0       0       0       0       0       0       0       0
      Locals:         2       0       0       0       0       0       0       0       0       0       0       0       0       0       0       0       0
      Temps:          0       0       0       0       0       0       0       0       0       0       0       0       0       0       0       0       0
      Totals:         4       0       0       0       0       0       0       0       0       0       0       0       0       0       0       0       0
Total ram usage:        4 bytes
 Hardware stack levels used:    1
 Hardware stack levels required when called:    2
 This function calls:
		Nothing
 This function is called by:
		_main
		_lcd_send_byte
		_lcd_init
		_lcd_putc
 This function uses a non-reentrant model


 *************** function _init_pwm1 *****************
 Defined at:
		line 5 in file "my_pwm.c"
 Parameters:    Size  Location     Type
		None
 Auto vars:     Size  Location     Type
		None
 Return value:  Size  Location     Type
                  1    wreg      void 
 Registers used:
		wreg, status,2
 Tracked objects:
		On entry : 
		On exit  : 
		Unchanged: 
 Data sizes:     COMRAM   BANK0   BANK1   BANK2   BANK3   BANK4   BANK5   BANK6   BANK7   BANK8   BANK9  BANK10  BANK11  BANK12  BANK13  BANK14  BANK15
      Params:         0       0       0       0       0       0       0       0       0       0       0       0       0       0       0       0       0
      Locals:         0       0       0       0       0       0       0       0       0       0       0       0       0       0       0       0       0
      Temps:          0       0       0       0       0       0       0       0       0       0       0       0       0       0       0       0       0
      Totals:         0       0       0       0       0       0       0       0       0       0       0       0       0       0       0       0       0
Total ram usage:        0 bytes
 Hardware stack levels used:    1
 Hardware stack levels required when called:    2
 This function calls:
		Nothing
 This function is called by:
		_main
 This function uses a non-reentrant model


 *************** function _init_adc_no_lib *****************
 Defined at:
		line 11 in file "my_adc.c"
 Parameters:    Size  Location     Type
		None
 Auto vars:     Size  Location     Type
		None
 Return value:  Size  Location     Type
                  1    wreg      void 
 Registers used:
		wreg, status,2
 Tracked objects:
		On entry : 
		On exit  : 
		Unchanged: 
 Data sizes:     COMRAM   BANK0   BANK1   BANK2   BANK3   BANK4   BANK5   BANK6   BANK7   BANK8   BANK9  BANK10  BANK11  BANK12  BANK13  BANK14  BANK15
      Params:         0       0       0       0       0       0       0       0       0       0       0       0       0       0       0       0       0
      Locals:         0       0       0       0       0       0       0       0       0       0       0       0       0       0       0       0       0
      Temps:          0       0       0       0       0       0       0       0       0       0       0       0       0       0       0       0       0
      Totals:         0       0       0       0       0       0       0       0       0       0       0       0       0       0       0       0       0
Total ram usage:        0 bytes
 Hardware stack levels used:    1
 Hardware stack levels required when called:    2
 This function calls:
		Nothing
 This function is called by:
		_main
 This function uses a non-reentrant model


 *************** function _initTimers01 *****************
 Defined at:
		line 102 in file "pwm_asl.c"
 Parameters:    Size  Location     Type
		None
 Auto vars:     Size  Location     Type
		None
 Return value:  Size  Location     Type
                  1    wreg      void 
 Registers used:
		wreg, status,2
 Tracked objects:
		On entry : 
		On exit  : 
		Unchanged: 
 Data sizes:     COMRAM   BANK0   BANK1   BANK2   BANK3   BANK4   BANK5   BANK6   BANK7   BANK8   BANK9  BANK10  BANK11  BANK12  BANK13  BANK14  BANK15
      Params:         0       0       0       0       0       0       0       0       0       0       0       0       0       0       0       0       0
      Locals:         0       0       0       0       0       0       0       0       0       0       0       0       0       0       0       0       0
      Temps:          0       0       0       0       0       0       0       0       0       0       0       0       0       0       0       0       0
      Totals:         0       0       0       0       0       0       0       0       0       0       0       0       0       0       0       0       0
Total ram usage:        0 bytes
 Hardware stack levels used:    1
 Hardware stack levels required when called:    2
 This function calls:
		Nothing
 This function is called by:
		_main
 This function uses a non-reentrant model


 *************** function ___lwdiv *****************
 Defined at:
		line 8 in file "C:\Program Files (x86)\Microchip\xc8\v1.45\sources\common\lwdiv.c"
 Parameters:    Size  Location     Type
  dividend        2   32[COMRAM] unsigned int 
  divisor         2   34[COMRAM] unsigned int 
 Auto vars:     Size  Location     Type
  quotient        2   37[COMRAM] unsigned int 
  counter         1   36[COMRAM] unsigned char 
 Return value:  Size  Location     Type
                  2   32[COMRAM] unsigned int 
 Registers used:
		wreg, status,2, status,0
 Tracked objects:
		On entry : 
		On exit  : 
		Unchanged: 
 Data sizes:     COMRAM   BANK0   BANK1   BANK2   BANK3   BANK4   BANK5   BANK6   BANK7   BANK8   BANK9  BANK10  BANK11  BANK12  BANK13  BANK14  BANK15
      Params:         4       0       0       0       0       0       0       0       0       0       0       0       0       0       0       0       0
      Locals:         3       0       0       0       0       0       0       0       0       0       0       0       0       0       0       0       0
      Temps:          0       0       0       0       0       0       0       0       0       0       0       0       0       0       0       0       0
      Totals:         7       0       0       0       0       0       0       0       0       0       0       0       0       0       0       0       0
Total ram usage:        7 bytes
 Hardware stack levels used:    1
 Hardware stack levels required when called:    2
 This function calls:
		Nothing
 This function is called by:
		_main
 This function uses a non-reentrant model


 *************** function _PWM_Disable *****************
 Defined at:
		line 95 in file "pwm_asl.c"
 Parameters:    Size  Location     Type
		None
 Auto vars:     Size  Location     Type
		None
 Return value:  Size  Location     Type
                  1    wreg      void 
 Registers used:
		wreg, status,2
 Tracked objects:
		On entry : 
		On exit  : 
		Unchanged: 
 Data sizes:     COMRAM   BANK0   BANK1   BANK2   BANK3   BANK4   BANK5   BANK6   BANK7   BANK8   BANK9  BANK10  BANK11  BANK12  BANK13  BANK14  BANK15
      Params:         0       0       0       0       0       0       0       0       0       0       0       0       0       0       0       0       0
      Locals:         0       0       0       0       0       0       0       0       0       0       0       0       0       0       0       0       0
      Temps:          0       0       0       0       0       0       0       0       0       0       0       0       0       0       0       0       0
      Totals:         0       0       0       0       0       0       0       0       0       0       0       0       0       0       0       0       0
Total ram usage:        0 bytes
 Hardware stack levels used:    1
 Hardware stack levels required when called:    2
 This function calls:
		Nothing
 This function is called by:
		_main
 This function uses a non-reentrant model


 *************** function _highIsr *****************
 Defined at:
		line 132 in file "pwm_asl.c"
 Parameters:    Size  Location     Type
		None
 Auto vars:     Size  Location     Type
		None
 Return value:  Size  Location     Type
                  1    wreg      void 
 Registers used:
		wreg, status,2, status,0, cstack
 Tracked objects:
		On entry : 
		On exit  : 
		Unchanged: 
 Data sizes:     COMRAM   BANK0   BANK1   BANK2   BANK3   BANK4   BANK5   BANK6   BANK7   BANK8   BANK9  BANK10  BANK11  BANK12  BANK13  BANK14  BANK15
      Params:         0       0       0       0       0       0       0       0       0       0       0       0       0       0       0       0       0
      Locals:         0       0       0       0       0       0       0       0       0       0       0       0       0       0       0       0       0
      Temps:         20       0       0       0       0       0       0       0       0       0       0       0       0       0       0       0       0
      Totals:        20       0       0       0       0       0       0       0       0       0       0       0       0       0       0       0       0
Total ram usage:       20 bytes
 Hardware stack levels used:    1
 Hardware stack levels required when called:    1
 This function calls:
		i2___awmod
 This function is called by:
		Interrupt level 2
 This function uses a non-reentrant model


 *************** function i2___awmod *****************
 Defined at:
		line 8 in file "C:\Program Files (x86)\Microchip\xc8\v1.45\sources\common\awmod.c"
 Parameters:    Size  Location     Type
  dividend        2    0[COMRAM] int 
  divisor         2    2[COMRAM] int 
 Auto vars:     Size  Location     Type
  __awmod         1    5[COMRAM] unsigned char 
  __awmod         1    4[COMRAM] unsigned char 
 Return value:  Size  Location     Type
                  2    0[COMRAM] int 
 Registers used:
		wreg, status,2, status,0
 Tracked objects:
		On entry : 
		On exit  : 
		Unchanged: 
 Data sizes:     COMRAM   BANK0   BANK1   BANK2   BANK3   BANK4   BANK5   BANK6   BANK7   BANK8   BANK9  BANK10  BANK11  BANK12  BANK13  BANK14  BANK15
      Params:         4       0       0       0       0       0       0       0       0       0       0       0       0       0       0       0       0
      Locals:         2       0       0       0       0       0       0       0       0       0       0       0       0       0       0       0       0
      Temps:          0       0       0       0       0       0       0       0       0       0       0       0       0       0       0       0       0
      Totals:         6       0       0       0       0       0       0       0       0       0       0       0       0       0       0       0       0
Total ram usage:        6 bytes
 Hardware stack levels used:    1
 This function calls:
		Nothing
 This function is called by:
		_highIsr
 This function uses a non-reentrant model



MODULE INFORMATION

Module		Function		Class		Link	Load	Size
C:\Program Files (x86)\Microchip\xc8\v1.45\sources\common\sprcdiv.c
		___fldiv       		CODE           	1ABE	0000	693

C:\Program Files (x86)\Microchip\xc8\v1.45\sources\common\sprcdiv.c estimated size: 693

C:\Program Files (x86)\Microchip\xc8\v1.45\sources\common\flge.c
		___flge        		CODE           	23A6	0000	291

C:\Program Files (x86)\Microchip\xc8\v1.45\sources\common\flge.c estimated size: 291

C:\Program Files (x86)\Microchip\xc8\v1.45\sources\common\doprnt.c
		_scale         		CODE           	0FF2	0000	1081
		_sprintf       		CODE           	0012	0000	2727
		_fround        		CODE           	1D72	0000	651

C:\Program Files (x86)\Microchip\xc8\v1.45\sources\common\doprnt.c estimated size: 4459

C:\Program Files (x86)\Microchip\xc8\v1.45\sources\common\Umul16.c
		___wmul        		CODE           	2DB2	0000	39

C:\Program Files (x86)\Microchip\xc8\v1.45\sources\common\Umul16.c estimated size: 39

my_ser.c
		_setupSerial   		CODE           	2DFE	0000	37

my_ser.c estimated size: 37

my_pwm.c
		_set_pwm1_percent		CODE           	26A6	0000	187
		_init_pwm1     		CODE           	2E7C	0000	17
		_set_pwm1_raw  		CODE           	2D56	0000	47

my_pwm.c estimated size: 251

my_adc.c
		_init_adc_no_lib		CODE           	2E8C	0000	13
		_read_adc_raw_no_lib		CODE           	2CEE	0000	59
		_read_adc_voltage		CODE           	2760	0000	135

my_adc.c estimated size: 207

C:\Program Files (x86)\Microchip\xc8\v1.45\sources\common\isdigit.c
		_isdigit       		CODE           	2E44	0000	31

C:\Program Files (x86)\Microchip\xc8\v1.45\sources\common\isdigit.c estimated size: 31

C:\Program Files (x86)\Microchip\xc8\v1.45\sources\common\sprcadd.c
		___flsub       		CODE           	2BDC	0000	73
		___fladd       		CODE           	177A	0000	837

C:\Program Files (x86)\Microchip\xc8\v1.45\sources\common\sprcadd.c estimated size: 910

C:\Program Files (x86)\Microchip\xc8\v1.45\sources\common\ftdivl.c
		__tdiv_to_l_   		CODE           	214C	0000	307

C:\Program Files (x86)\Microchip\xc8\v1.45\sources\common\ftdivl.c estimated size: 307

C:\Program Files (x86)\Microchip\xc8\v1.45\sources\common\awmod.c
		___awmod       		CODE           	28EC	0000	113

C:\Program Files (x86)\Microchip\xc8\v1.45\sources\common\awmod.c estimated size: 113

C:\Program Files (x86)\Microchip\xc8\v1.45\sources\common\llmod.c
		___llmod       		CODE           	29CC	0000	103

C:\Program Files (x86)\Microchip\xc8\v1.45\sources\common\llmod.c estimated size: 103

C:\Program Files (x86)\Microchip\xc8\v1.45\sources\common\fldivl.c
		__div_to_l_    		CODE           	227E	0000	297

C:\Program Files (x86)\Microchip\xc8\v1.45\sources\common\fldivl.c estimated size: 297

C:\Program Files (x86)\Microchip\xc8\v1.45\sources\common\fltol.c
		___fltol       		CODE           	25C8	0000	223

C:\Program Files (x86)\Microchip\xc8\v1.45\sources\common\fltol.c estimated size: 223

shared
		__powers_      		MEDIUMCONST    	FEFB	0000	53
		_dpowers       		MEDIUMCONST    	FF63	0000	41
		__npowers_     		MEDIUMCONST    	FF2F	0000	53
		__initialization		CODE           	2CAE	0000	51
		i2___awmod     		CODE           	295C	0000	113

shared estimated size: 311

C:\Program Files (x86)\Microchip\xc8\v1.45\sources\common\lwdiv.c
		___lwdiv       		CODE           	2B40	0000	83

C:\Program Files (x86)\Microchip\xc8\v1.45\sources\common\lwdiv.c estimated size: 83

C:\Program Files (x86)\Microchip\xc8\v1.45\sources\common\awdiv.c
		___awdiv       		CODE           	27E6	0000	133

C:\Program Files (x86)\Microchip\xc8\v1.45\sources\common\awdiv.c estimated size: 133

pwm_asl.c
		_set_compare_value		CODE           	2E98	0000	11
		_PWM_Disable   		CODE           	2EA2	0000	11
		_main          		CODE           	0AB8	0000	1339
		_highIsr       		CODE           	0008	0000	263
		_initTimers01  		CODE           	2B92	0000	75
		_setupPorts    		CODE           	2E62	0000	27

pwm_asl.c estimated size: 1726

C:\Program Files (x86)\Microchip\xc8\v1.45\sources\common\lldiv.c
		___lldiv       		CODE           	286A	0000	131

C:\Program Files (x86)\Microchip\xc8\v1.45\sources\common\lldiv.c estimated size: 131

C:\Program Files (x86)\Microchip\xc8\v1.45\sources\common\xxtofl.c
		___xxtofl      		CODE           	1FFC	0000	337

C:\Program Files (x86)\Microchip\xc8\v1.45\sources\common\xxtofl.c estimated size: 337

lcd_x8.c
		_lcd_putc      		CODE           	2AEA	0000	87
		_lcd_puts      		CODE           	2A94	0000	87
		_lcd_send_byte 		CODE           	2C24	0000	73
		_lcd_gotoxy    		CODE           	2C6C	0000	67
		_lcd_send_nibble		CODE           	2E22	0000	35
		_delay_ms      		CODE           	2DD8	0000	39
		_lcd_init      		CODE           	2A32	0000	99
		_delay_cycles  		CODE           	2D84	0000	47

lcd_x8.c estimated size: 534

C:\Program Files (x86)\Microchip\xc8\v1.45\sources\common\flneg.c
		___flneg       		CODE           	2D28	0000	47

C:\Program Files (x86)\Microchip\xc8\v1.45\sources\common\flneg.c estimated size: 47

C:\Program Files (x86)\Microchip\xc8\v1.45\sources\common\sprcmul.c
		___flmul       		CODE           	142A	0000	849

C:\Program Files (x86)\Microchip\xc8\v1.45\sources\common\sprcmul.c estimated size: 849

